// Jest Snapshot v1, https://goo.gl/fbAQLP

exports[`getData Получение данных пользователей 1`] = `
[
  "1",
  "2",
  "3",
  "4",
]
`;
